Archive member included to satisfy reference by file (symbol)

C:\Users\Admin\STM32CubeIDE\workspace_1.11.0\SDK_1.0.3_NUCLEO-F401RE\lib_stm\libLibraries.a(system_stm32f4xx.o)
                              ./Src/main.o (SystemCoreClockUpdate)
C:\Users\Admin\STM32CubeIDE\workspace_1.11.0\SDK_1.0.3_NUCLEO-F401RE\lib_stm\libLibraries.a(stm32f401re_gpio.o)
                              ./Src/main.o (GPIO_ReadInputDataBit)
C:\Users\Admin\STM32CubeIDE\workspace_1.11.0\SDK_1.0.3_NUCLEO-F401RE\lib_stm\libLibraries.a(stm32f401re_rcc.o)
                              C:\Users\Admin\STM32CubeIDE\workspace_1.11.0\SDK_1.0.3_NUCLEO-F401RE\lib_stm\libLibraries.a(stm32f401re_gpio.o) (RCC_AHB1PeriphResetCmd)
C:\Users\Admin\STM32CubeIDE\workspace_1.11.0\SDK_1.0.3_NUCLEO-F401RE\lib_stm\libLibraries.a(button.o)
                              ./Src/main.o (Button_Init)
C:\Users\Admin\STM32CubeIDE\workspace_1.11.0\SDK_1.0.3_NUCLEO-F401RE\lib_stm\libLibraries.a(led.o)
                              ./Src/main.o (LedControl_Init)
C:\Users\Admin\STM32CubeIDE\workspace_1.11.0\SDK_1.0.3_NUCLEO-F401RE\lib_stm\libLibraries.a(timer.o)
                              C:\Users\Admin\STM32CubeIDE\workspace_1.11.0\SDK_1.0.3_NUCLEO-F401RE\lib_stm\libLibraries.a(button.o) (TimerStart)
C:\Users\Admin\STM32CubeIDE\workspace_1.11.0\SDK_1.0.3_NUCLEO-F401RE\lib_stm\libLibraries.a(serial.o)
                              C:\Users\Admin\STM32CubeIDE\workspace_1.11.0\SDK_1.0.3_NUCLEO-F401RE\lib_stm\libLibraries.a(led.o) (Serial_SendPacket)
C:\Users\Admin\STM32CubeIDE\workspace_1.11.0\SDK_1.0.3_NUCLEO-F401RE\lib_stm\libLibraries.a(buff.o)
                              C:\Users\Admin\STM32CubeIDE\workspace_1.11.0\SDK_1.0.3_NUCLEO-F401RE\lib_stm\libLibraries.a(serial.o) (bufInit)
C:\Users\Admin\STM32CubeIDE\workspace_1.11.0\SDK_1.0.3_NUCLEO-F401RE\lib_stm\libLibraries.a(utilities.o)
                              C:\Users\Admin\STM32CubeIDE\workspace_1.11.0\SDK_1.0.3_NUCLEO-F401RE\lib_stm\libLibraries.a(timer.o) (memsetl)
C:\Users\Admin\STM32CubeIDE\workspace_1.11.0\SDK_1.0.3_NUCLEO-F401RE\lib_stm\libLibraries.a(misc.o)
                              C:\Users\Admin\STM32CubeIDE\workspace_1.11.0\SDK_1.0.3_NUCLEO-F401RE\lib_stm\libLibraries.a(serial.o) (NVIC_PriorityGroupConfig)
C:\Users\Admin\STM32CubeIDE\workspace_1.11.0\SDK_1.0.3_NUCLEO-F401RE\lib_stm\libLibraries.a(stm32f401re_tim.o)
                              C:\Users\Admin\STM32CubeIDE\workspace_1.11.0\SDK_1.0.3_NUCLEO-F401RE\lib_stm\libLibraries.a(led.o) (TIM_TimeBaseInit)
C:\Users\Admin\STM32CubeIDE\workspace_1.11.0\SDK_1.0.3_NUCLEO-F401RE\lib_stm\libLibraries.a(stm32f401re_usart.o)
                              C:\Users\Admin\STM32CubeIDE\workspace_1.11.0\SDK_1.0.3_NUCLEO-F401RE\lib_stm\libLibraries.a(serial.o) (USART_Init)
f:/stm32setup/stm32cubeide_1.11.0/stm32cubeide/plugins/com.st.stm32cube.ide.mcu.externaltools.gnu-tools-for-stm32.10.3-2021.10.win32_1.0.100.202210260954/tools/bin/../lib/gcc/arm-none-eabi/10.3.1/../../../../arm-none-eabi/lib/thumb/v7e-m+fp/hard\libc_nano.a(lib_a-errno.o)
                              ./Src/syscalls.o (__errno)
f:/stm32setup/stm32cubeide_1.11.0/stm32cubeide/plugins/com.st.stm32cube.ide.mcu.externaltools.gnu-tools-for-stm32.10.3-2021.10.win32_1.0.100.202210260954/tools/bin/../lib/gcc/arm-none-eabi/10.3.1/../../../../arm-none-eabi/lib/thumb/v7e-m+fp/hard\libc_nano.a(lib_a-exit.o)
                              f:/stm32setup/stm32cubeide_1.11.0/stm32cubeide/plugins/com.st.stm32cube.ide.mcu.externaltools.gnu-tools-for-stm32.10.3-2021.10.win32_1.0.100.202210260954/tools/bin/../lib/gcc/arm-none-eabi/10.3.1/../../../../arm-none-eabi/lib/thumb/v7e-m+fp/hard/crt0.o (exit)
f:/stm32setup/stm32cubeide_1.11.0/stm32cubeide/plugins/com.st.stm32cube.ide.mcu.externaltools.gnu-tools-for-stm32.10.3-2021.10.win32_1.0.100.202210260954/tools/bin/../lib/gcc/arm-none-eabi/10.3.1/../../../../arm-none-eabi/lib/thumb/v7e-m+fp/hard\libc_nano.a(lib_a-impure.o)
                              f:/stm32setup/stm32cubeide_1.11.0/stm32cubeide/plugins/com.st.stm32cube.ide.mcu.externaltools.gnu-tools-for-stm32.10.3-2021.10.win32_1.0.100.202210260954/tools/bin/../lib/gcc/arm-none-eabi/10.3.1/../../../../arm-none-eabi/lib/thumb/v7e-m+fp/hard\libc_nano.a(lib_a-exit.o) (_global_impure_ptr)
f:/stm32setup/stm32cubeide_1.11.0/stm32cubeide/plugins/com.st.stm32cube.ide.mcu.externaltools.gnu-tools-for-stm32.10.3-2021.10.win32_1.0.100.202210260954/tools/bin/../lib/gcc/arm-none-eabi/10.3.1/../../../../arm-none-eabi/lib/thumb/v7e-m+fp/hard\libc_nano.a(lib_a-init.o)
                              f:/stm32setup/stm32cubeide_1.11.0/stm32cubeide/plugins/com.st.stm32cube.ide.mcu.externaltools.gnu-tools-for-stm32.10.3-2021.10.win32_1.0.100.202210260954/tools/bin/../lib/gcc/arm-none-eabi/10.3.1/../../../../arm-none-eabi/lib/thumb/v7e-m+fp/hard/crt0.o (__libc_init_array)
[...]
Memory Configuration

Name             Origin             Length             Attributes
RAM              0x0000000020000000 0x0000000000018000 xrw
FLASH            0x0000000008000000 0x0000000000080000 xr
*default*        0x0000000000000000 0xffffffffffffffff

Linker script and memory map

LOAD f:/stm32setup/stm32cubeide_1.11.0/stm32cubeide/plugins/com.st.stm32cube.ide.mcu.externaltools.gnu-tools-for-stm32.10.3-2021.10.win32_1.0.100.202210260954/tools/bin/../lib/gcc/arm-none-eabi/10.3.1/thumb/v7e-m+fp/hard/crti.o
LOAD f:/stm32setup/stm32cubeide_1.11.0/stm32cubeide/plugins/com.st.stm32cube.ide.mcu.externaltools.gnu-tools-for-stm32.10.3-2021.10.win32_1.0.100.202210260954/tools/bin/../lib/gcc/arm-none-eabi/10.3.1/thumb/v7e-m+fp/hard/crtbegin.o
LOAD f:/stm32setup/stm32cubeide_1.11.0/stm32cubeide/plugins/com.st.stm32cube.ide.mcu.externaltools.gnu-tools-for-stm32.10.3-2021.10.win32_1.0.100.202210260954/tools/bin/../lib/gcc/arm-none-eabi/10.3.1/../../../../arm-none-eabi/lib/thumb/v7e-m+fp/hard/crt0.o
LOAD ./Src/main.o
LOAD ./Src/syscalls.o
LOAD ./Src/sysmem.o
LOAD ./Startup/startup_stm32f401retx.o
LOAD C:\Users\Admin\STM32CubeIDE\workspace_1.11.0\SDK_1.0.3_NUCLEO-F401RE\lib_stm\libLibraries.a
START GROUP
LOAD f:/stm32setup/stm32cubeide_1.11.0/stm32cubeide/plugins/com.st.stm32cube.ide.mcu.externaltools.gnu-tools-for-stm32.10.3-2021.10.win32_1.0.100.202210260954/tools/bin/../lib/gcc/arm-none-eabi/10.3.1/../../../../arm-none-eabi/lib/thumb/v7e-m+fp/hard\libstdc++_nano.a
LOAD f:/stm32setup/stm32cubeide_1.11.0/stm32cubeide/plugins/com.st.stm32cube.ide.mcu.externaltools.gnu-tools-for-stm32.10.3-2021.10.win32_1.0.100.202210260954/tools/bin/../lib/gcc/arm-none-eabi/10.3.1/../../../../arm-none-eabi/lib/thumb/v7e-m+fp/hard\libsupc++_nano.a
END GROUP
LOAD f:/stm32setup/stm32cubeide_1.11.0/stm32cubeide/plugins/com.st.stm32cube.ide.mcu.externaltools.gnu-tools-for-stm32.10.3-2021.10.win32_1.0.100.202210260954/tools/bin/../lib/gcc/arm-none-eabi/10.3.1/../../../../arm-none-eabi/lib/thumb/v7e-m+fp/hard\libstdc++_nano.a
LOAD f:/stm32setup/stm32cubeide_1.11.0/stm32cubeide/plugins/com.st.stm32cube.ide.mcu.externaltools.gnu-tools-for-stm32.10.3-2021.10.win32_1.0.100.202210260954/tools/bin/../lib/gcc/arm-none-eabi/10.3.1/../../../../arm-none-eabi/lib/thumb/v7e-m+fp/hard\libm.a
LOAD f:/stm32setup/stm32cubeide_1.11.0/stm32cubeide/plugins/com.st.stm32cube.ide.mcu.externaltools.gnu-tools-for-stm32.10.3-2021.10.win32_1.0.100.202210260954/tools/bin/../lib/gcc/arm-none-eabi/10.3.1/../../../../arm-none-eabi/lib/thumb/v7e-m+fp/hard\libc_nano.a
START GROUP
LOAD f:/stm32setup/stm32cubeide_1.11.0/stm32cubeide/plugins/com.st.stm32cube.ide.mcu.externaltools.gnu-tools-for-stm32.10.3-2021.10.win32_1.0.100.202210260954/tools/bin/../lib/gcc/arm-none-eabi/10.3.1/thumb/v7e-m+fp/hard\libgcc.a
LOAD f:/stm32setup/stm32cubeide_1.11.0/stm32cubeide/plugins/com.st.stm32cube.ide.mcu.externaltools.gnu-tools-for-stm32.10.3-2021.10.win32_1.0.100.202210260954/tools/bin/../lib/gcc/arm-none-eabi/10.3.1/../../../../arm-none-eabi/lib/thumb/v7e-m+fp/hard\libc_nano.a
END GROUP
START GROUP
LOAD f:/stm32setup/stm32cubeide_1.11.0/stm32cubeide/plugins/com.st.stm32cube.ide.mcu.externaltools.gnu-tools-for-stm32.10.3-2021.10.win32_1.0.100.202210260954/tools/bin/../lib/gcc/arm-none-eabi/10.3.1/thumb/v7e-m+fp/hard\libgcc.a
LOAD f:/stm32setup/stm32cubeide_1.11.0/stm32cubeide/plugins/com.st.stm32cube.ide.mcu.externaltools.gnu-tools-for-stm32.10.3-2021.10.win32_1.0.100.202210260954/tools/bin/../lib/gcc/arm-none-eabi/10.3.1/../../../../arm-none-eabi/lib/thumb/v7e-m+fp/hard\libc_nano.a
LOAD f:/stm32setup/stm32cubeide_1.11.0/stm32cubeide/plugins/com.st.stm32cube.ide.mcu.externaltools.gnu-tools-for-stm32.10.3-2021.10.win32_1.0.100.202210260954/tools/bin/../lib/gcc/arm-none-eabi/10.3.1/../../../../arm-none-eabi/lib/thumb/v7e-m+fp/hard\libnosys.a
END GROUP
START GROUP
LOAD f:/stm32setup/stm32cubeide_1.11.0/stm32cubeide/plugins/com.st.stm32cube.ide.mcu.externaltools.gnu-tools-for-stm32.10.3-2021.10.win32_1.0.100.202210260954/tools/bin/../lib/gcc/arm-none-eabi/10.3.1/thumb/v7e-m+fp/hard\libgcc.a
LOAD f:/stm32setup/stm32cubeide_1.11.0/stm32cubeide/plugins/com.st.stm32cube.ide.mcu.externaltools.gnu-tools-for-stm32.10.3-2021.10.win32_1.0.100.202210260954/tools/bin/../lib/gcc/arm-none-eabi/10.3.1/../../../../arm-none-eabi/lib/thumb/v7e-m+fp/hard\libc_nano.a
LOAD f:/stm32setup/stm32cubeide_1.11.0/stm32cubeide/plugins/com.st.stm32cube.ide.mcu.externaltools.gnu-tools-for-stm32.10.3-2021.10.win32_1.0.100.202210260954/tools/bin/../lib/gcc/arm-none-eabi/10.3.1/../../../../arm-none-eabi/lib/thumb/v7e-m+fp/hard\libnosys.a
END GROUP
LOAD f:/stm32setup/stm32cubeide_1.11.0/stm32cubeide/plugins/com.st.stm32cube.ide.mcu.externaltools.gnu-tools-for-stm32.10.3-2021.10.win32_1.0.100.202210260954/tools/bin/../lib/gcc/arm-none-eabi/10.3.1/thumb/v7e-m+fp/hard/crtend.o
LOAD f:/stm32setup/stm32cubeide_1.11.0/stm32cubeide/plugins/com.st.stm32cube.ide.mcu.externaltools.gnu-tools-for-stm32.10.3-2021.10.win32_1.0.100.202210260954/tools/bin/../lib/gcc/arm-none-eabi/10.3.1/thumb/v7e-m+fp/hard/crtn.o
                0x0000000020018000                _estack = (ORIGIN (RAM) + LENGTH (RAM))
                0x0000000000000200                _Min_Heap_Size = 0x200
                0x0000000000000400                _Min_Stack_Size = 0x400

.isr_vector     0x0000000008000000      0x194
                0x0000000008000000                . = ALIGN (0x4)
 *(.isr_vector)
 .isr_vector    0x0000000008000000      0x194 ./Startup/startup_stm32f401retx.o
                0x0000000008000000                g_pfnVectors
                0x0000000008000194                . = ALIGN (0x4)

.text           0x0000000008000194     0x14fc
                0x0000000008000194                . = ALIGN (0x4)
 *(.text)
 .text          0x0000000008000194       0x40 f:/stm32setup/stm32cubeide_1.11.0/stm32cubeide/plugins/com.st.stm32cube.ide.mcu.externaltools.gnu-tools-for-stm32.10.3-2021.10.win32_1.0.100.202210260954/tools/bin/../lib/gcc/arm-none-eabi/10.3.1/thumb/v7e-m+fp/hard/crtbegin.o
 *(.text*)
 .text.main     0x00000000080001d4       0x48 ./Src/main.o
                0x00000000080001d4                main
 .text.mainInit
                0x000000000800021c       0x14 ./Src/main.o
                0x000000000800021c                mainInit
 .text.Reset_Handler
                0x0000000008000230       0x50 ./Startup/startup_stm32f401retx.o
                0x0000000008000230                Reset_Handler
 .text.Default_Handler
                0x0000000008000280        0x2 ./Startup/startup_stm32f401retx.o
                0x0000000008000280                EXTI2_IRQHandler
                0x0000000008000280                DebugMon_Handler
                0x0000000008000280                SPI4_IRQHandler
                0x0000000008000280                TIM1_CC_IRQHandler
                0x0000000008000280                DMA2_Stream5_IRQHandler
                0x0000000008000280                HardFault_Handler
                0x0000000008000280                DMA1_Stream5_IRQHandler
                0x0000000008000280                SDIO_IRQHandler
                0x0000000008000280                TAMP_STAMP_IRQHandler
                0x0000000008000280                PendSV_Handler
                0x0000000008000280                NMI_Handler
                0x0000000008000280                EXTI3_IRQHandler
                0x0000000008000280                TIM1_UP_TIM10_IRQHandler
                0x0000000008000280                I2C3_ER_IRQHandler
                0x0000000008000280                EXTI18_OTG_FS_WKUP_IRQHandler
                0x0000000008000280                EXTI0_IRQHandler
                0x0000000008000280                I2C2_EV_IRQHandler
                0x0000000008000280                DMA1_Stream2_IRQHandler
                0x0000000008000280                UsageFault_Handler
                0x0000000008000280                DMA2_Stream2_IRQHandler
                0x0000000008000280                SPI1_IRQHandler
                0x0000000008000280                TIM1_BRK_TIM9_IRQHandler
                0x0000000008000280                DMA2_Stream3_IRQHandler
                0x0000000008000280                USART6_IRQHandler
                0x0000000008000280                DMA2_Stream0_IRQHandler
                0x0000000008000280                TIM4_IRQHandler
                0x0000000008000280                I2C1_EV_IRQHandler
                0x0000000008000280                DMA1_Stream6_IRQHandler
                0x0000000008000280                DMA1_Stream1_IRQHandler
                0x0000000008000280                TIM3_IRQHandler
                0x0000000008000280                RCC_IRQHandler
                0x0000000008000280                Default_Handler
                0x0000000008000280                EXTI15_10_IRQHandler
                0x0000000008000280                ADC_IRQHandler
                0x0000000008000280                DMA1_Stream7_IRQHandler
                0x0000000008000280                TIM5_IRQHandler
                0x0000000008000280                DMA2_Stream7_IRQHandler
                0x0000000008000280                I2C3_EV_IRQHandler
                0x0000000008000280                EXTI9_5_IRQHandler
                0x0000000008000280                SPI2_IRQHandler
                0x0000000008000280                MemManage_Handler
                0x0000000008000280                DMA1_Stream0_IRQHandler
                0x0000000008000280                SVC_Handler
                0x0000000008000280                EXTI4_IRQHandler
                0x0000000008000280                EXTI22_RTC_WKUP_IRQHandler
                0x0000000008000280                TIM2_IRQHandler
                0x0000000008000280                EXTI16_PVD_IRQHandler
                0x0000000008000280                TIM1_TRG_COM_TIM11_IRQHandler
                0x0000000008000280                EXTI1_IRQHandler
                0x0000000008000280                EXTI17_RTC_Alarm_IRQHandler
                0x0000000008000280                I2C2_ER_IRQHandler
                0x0000000008000280                DMA2_Stream1_IRQHandler
                0x0000000008000280                FLASH_IRQHandler
                0x0000000008000280                DMA2_Stream4_IRQHandler
                0x0000000008000280                BusFault_Handler
                0x0000000008000280                USART1_IRQHandler
                0x0000000008000280                OTG_FS_IRQHandler
                0x0000000008000280                SPI3_IRQHandler
                0x0000000008000280                DMA1_Stream4_IRQHandler
                0x0000000008000280                I2C1_ER_IRQHandler
                0x0000000008000280                DMA2_Stream6_IRQHandler
                0x0000000008000280                DMA1_Stream3_IRQHandler
 *fill*         0x0000000008000282        0x2 
 .text.SystemInit
                0x0000000008000284       0x6c C:\Users\Admin\STM32CubeIDE\workspace_1.11.0\SDK_1.0.3_NUCLEO-F401RE\lib_stm\libLibraries.a(system_stm32f4xx.o)
                0x0000000008000284                SystemInit
 .text.SystemCoreClockUpdate
                0x00000000080002f0       0xf8 C:\Users\Admin\STM32CubeIDE\workspace_1.11.0\SDK_1.0.3_NUCLEO-F401RE\lib_stm\libLibraries.a(system_stm32f4xx.o)
                0x00000000080002f0                SystemCoreClockUpdate
 .text.SetSysClock
                0x00000000080003e8       0xa0 C:\Users\Admin\STM32CubeIDE\workspace_1.11.0\SDK_1.0.3_NUCLEO-F401RE\lib_stm\libLibraries.a(system_stm32f4xx.o)
 .text.GPIO_Init
                0x0000000008000488      0x11c C:\Users\Admin\STM32CubeIDE\workspace_1.11.0\SDK_1.0.3_NUCLEO-F401RE\lib_stm\libLibraries.a(stm32f401re_gpio.o)
                0x0000000008000488                GPIO_Init
 .text.GPIO_ReadInputDataBit
                0x00000000080005a4       0x34 C:\Users\Admin\STM32CubeIDE\workspace_1.11.0\SDK_1.0.3_NUCLEO-F401RE\lib_stm\libLibraries.a(stm32f401re_gpio.o)
                0x00000000080005a4                GPIO_ReadInputDataBit
 .text.GPIO_SetBits
                0x00000000080005d8       0x1e C:\Users\Admin\STM32CubeIDE\workspace_1.11.0\SDK_1.0.3_NUCLEO-F401RE\lib_stm\libLibraries.a(stm32f401re_gpio.o)
                0x00000000080005d8                GPIO_SetBits
 .text.GPIO_ResetBits
                0x00000000080005f6       0x1e C:\Users\Admin\STM32CubeIDE\workspace_1.11.0\SDK_1.0.3_NUCLEO-F401RE\lib_stm\libLibraries.a(stm32f401re_gpio.o)
                0x00000000080005f6                GPIO_ResetBits
 .text.GPIO_PinAFConfig
                0x0000000008000614       0x92 C:\Users\Admin\STM32CubeIDE\workspace_1.11.0\SDK_1.0.3_NUCLEO-F401RE\lib_stm\libLibraries.a(stm32f401re_gpio.o)
                0x0000000008000614                GPIO_PinAFConfig
 *fill*         0x00000000080006a6        0x2 
 .text.RCC_AHB1PeriphClockCmd
                0x00000000080006a8       0x40 C:\Users\Admin\STM32CubeIDE\workspace_1.11.0\SDK_1.0.3_NUCLEO-F401RE\lib_stm\libLibraries.a(stm32f401re_rcc.o)
                0x00000000080006a8                RCC_AHB1PeriphClockCmd
 .text.RCC_APB1PeriphClockCmd
                0x00000000080006e8       0x40 C:\Users\Admin\STM32CubeIDE\workspace_1.11.0\SDK_1.0.3_NUCLEO-F401RE\lib_stm\libLibraries.a(stm32f401re_rcc.o)
                0x00000000080006e8                RCC_APB1PeriphClockCmd
 .text.RCC_APB2PeriphClockCmd
                0x0000000008000728       0x40 C:\Users\Admin\STM32CubeIDE\workspace_1.11.0\SDK_1.0.3_NUCLEO-F401RE\lib_stm\libLibraries.a(stm32f401re_rcc.o)
                0x0000000008000728                RCC_APB2PeriphClockCmd
 .text.Button_Init
                0x0000000008000768       0xbc C:\Users\Admin\STM32CubeIDE\workspace_1.11.0\SDK_1.0.3_NUCLEO-F401RE\lib_stm\libLibraries.a(button.o)
                0x0000000008000768                Button_Init
 .text.ButtonScanTypeEdge
                0x0000000008000824      0x1fc C:\Users\Admin\STM32CubeIDE\workspace_1.11.0\SDK_1.0.3_NUCLEO-F401RE\lib_stm\libLibraries.a(button.o)
 .text.ButtonScan
                0x0000000008000a20       0x4c C:\Users\Admin\STM32CubeIDE\workspace_1.11.0\SDK_1.0.3_NUCLEO-F401RE\lib_stm\libLibraries.a(button.o)
 .text.BTNGPIO_Init
                0x0000000008000a6c       0x6c C:\Users\Admin\STM32CubeIDE\workspace_1.11.0\SDK_1.0.3_NUCLEO-F401RE\lib_stm\libLibraries.a(button.o)
 .text.LedControl_Init
                0x0000000008000ad8       0x10 C:\Users\Admin\STM32CubeIDE\workspace_1.11.0\SDK_1.0.3_NUCLEO-F401RE\lib_stm\libLibraries.a(led.o)
                0x0000000008000ad8                LedControl_Init
 .text.LedControl_SetColorIndividual
                0x0000000008000ae8       0xf8 C:\Users\Admin\STM32CubeIDE\workspace_1.11.0\SDK_1.0.3_NUCLEO-F401RE\lib_stm\libLibraries.a(led.o)
                0x0000000008000ae8                LedControl_SetColorIndividual
 .text.LEDGPIO_Config
                0x0000000008000be0       0x94 C:\Users\Admin\STM32CubeIDE\workspace_1.11.0\SDK_1.0.3_NUCLEO-F401RE\lib_stm\libLibraries.a(led.o)
 .text.LEDTIM_Config
                0x0000000008000c74       0xec C:\Users\Admin\STM32CubeIDE\workspace_1.11.0\SDK_1.0.3_NUCLEO-F401RE\lib_stm\libLibraries.a(led.o)
 .text.TimerStart
                0x0000000008000d60       0xc4 C:\Users\Admin\STM32CubeIDE\workspace_1.11.0\SDK_1.0.3_NUCLEO-F401RE\lib_stm\libLibraries.a(timer.o)
                0x0000000008000d60                TimerStart
 .text.GetMilSecTick
                0x0000000008000e24       0x18 C:\Users\Admin\STM32CubeIDE\workspace_1.11.0\SDK_1.0.3_NUCLEO-F401RE\lib_stm\libLibraries.a(timer.o)
                0x0000000008000e24                GetMilSecTick
 .text.SysTick_Handler
                0x0000000008000e3c       0x1c C:\Users\Admin\STM32CubeIDE\workspace_1.11.0\SDK_1.0.3_NUCLEO-F401RE\lib_stm\libLibraries.a(timer.o)
                0x0000000008000e3c                SysTick_Handler
 .text.USART2_IRQHandler
                0x0000000008000e58       0x50 C:\Users\Admin\STM32CubeIDE\workspace_1.11.0\SDK_1.0.3_NUCLEO-F401RE\lib_stm\libLibraries.a(serial.o)
                0x0000000008000e58                USART2_IRQHandler
 .text.bufIsFull
                0x0000000008000ea8       0x26 C:\Users\Admin\STM32CubeIDE\workspace_1.11.0\SDK_1.0.3_NUCLEO-F401RE\lib_stm\libLibraries.a(buff.o)
                0x0000000008000ea8                bufIsFull
 .text.bufEnDat
                0x0000000008000ece       0x9c C:\Users\Admin\STM32CubeIDE\workspace_1.11.0\SDK_1.0.3_NUCLEO-F401RE\lib_stm\libLibraries.a(buff.o)
                0x0000000008000ece                bufEnDat
 *fill*         0x0000000008000f6a        0x2 
 .text.TIM_TimeBaseInit
                0x0000000008000f6c       0xd8 C:\Users\Admin\STM32CubeIDE\workspace_1.11.0\SDK_1.0.3_NUCLEO-F401RE\lib_stm\libLibraries.a(stm32f401re_tim.o)
                0x0000000008000f6c                TIM_TimeBaseInit
 .text.TIM_Cmd  0x0000000008001044       0x40 C:\Users\Admin\STM32CubeIDE\workspace_1.11.0\SDK_1.0.3_NUCLEO-F401RE\lib_stm\libLibraries.a(stm32f401re_tim.o)
                0x0000000008001044                TIM_Cmd
 .text.TIM_OC1Init
                0x0000000008001084       0xf4 C:\Users\Admin\STM32CubeIDE\workspace_1.11.0\SDK_1.0.3_NUCLEO-F401RE\lib_stm\libLibraries.a(stm32f401re_tim.o)
                0x0000000008001084                TIM_OC1Init
 .text.TIM_OC2Init
                0x0000000008001178      0x110 C:\Users\Admin\STM32CubeIDE\workspace_1.11.0\SDK_1.0.3_NUCLEO-F401RE\lib_stm\libLibraries.a(stm32f401re_tim.o)
                0x0000000008001178                TIM_OC2Init
 .text.TIM_OC3Init
                0x0000000008001288      0x10c C:\Users\Admin\STM32CubeIDE\workspace_1.11.0\SDK_1.0.3_NUCLEO-F401RE\lib_stm\libLibraries.a(stm32f401re_tim.o)
                0x0000000008001288                TIM_OC3Init
 .text.TIM_OC4Init
                0x0000000008001394       0xd0 C:\Users\Admin\STM32CubeIDE\workspace_1.11.0\SDK_1.0.3_NUCLEO-F401RE\lib_stm\libLibraries.a(stm32f401re_tim.o)
                0x0000000008001394                TIM_OC4Init
 .text.TIM_SetCompare1
                0x0000000008001464       0x1c C:\Users\Admin\STM32CubeIDE\workspace_1.11.0\SDK_1.0.3_NUCLEO-F401RE\lib_stm\libLibraries.a(stm32f401re_tim.o)
                0x0000000008001464                TIM_SetCompare1
 .text.TIM_SetCompare2
                0x0000000008001480       0x1c C:\Users\Admin\STM32CubeIDE\workspace_1.11.0\SDK_1.0.3_NUCLEO-F401RE\lib_stm\libLibraries.a(stm32f401re_tim.o)
                0x0000000008001480                TIM_SetCompare2
 .text.TIM_SetCompare3
                0x000000000800149c       0x1c C:\Users\Admin\STM32CubeIDE\workspace_1.11.0\SDK_1.0.3_NUCLEO-F401RE\lib_stm\libLibraries.a(stm32f401re_tim.o)
                0x000000000800149c                TIM_SetCompare3
 .text.TIM_SetCompare4
                0x00000000080014b8       0x1c C:\Users\Admin\STM32CubeIDE\workspace_1.11.0\SDK_1.0.3_NUCLEO-F401RE\lib_stm\libLibraries.a(stm32f401re_tim.o)
                0x00000000080014b8                TIM_SetCompare4
 .text.TIM_CtrlPWMOutputs
                0x00000000080014d4       0x4c C:\Users\Admin\STM32CubeIDE\workspace_1.11.0\SDK_1.0.3_NUCLEO-F401RE\lib_stm\libLibraries.a(stm32f401re_tim.o)
                0x00000000080014d4                TIM_CtrlPWMOutputs
 .text.USART_ReceiveData
                0x0000000008001520       0x20 C:\Users\Admin\STM32CubeIDE\workspace_1.11.0\SDK_1.0.3_NUCLEO-F401RE\lib_stm\libLibraries.a(stm32f401re_usart.o)
                0x0000000008001520                USART_ReceiveData
 .text.USART_GetITStatus
                0x0000000008001540       0xb6 C:\Users\Admin\STM32CubeIDE\workspace_1.11.0\SDK_1.0.3_NUCLEO-F401RE\lib_stm\libLibraries.a(stm32f401re_usart.o)
                0x0000000008001540                USART_GetITStatus
 .text.USART_ClearITPendingBit
                0x00000000080015f6       0x3a C:\Users\Admin\STM32CubeIDE\workspace_1.11.0\SDK_1.0.3_NUCLEO-F401RE\lib_stm\libLibraries.a(stm32f401re_usart.o)
                0x00000000080015f6                USART_ClearITPendingBit
 .text.__libc_init_array
                0x0000000008001630       0x48 f:/stm32setup/stm32cubeide_1.11.0/stm32cubeide/plugins/com.st.stm32cube.ide.mcu.externaltools.gnu-tools-for-stm32.10.3-2021.10.win32_1.0.100.202210260954/tools/bin/../lib/gcc/arm-none-eabi/10.3.1/../../../../arm-none-eabi/lib/thumb/v7e-m+fp/hard\libc_nano.a(lib_a-init.o)
                0x0000000008001630                __libc_init_array
 *(.glue_7)
 .glue_7        0x0000000008001678        0x0 linker stubs
 *(.glue_7t)
 .glue_7t       0x0000000008001678        0x0 linker stubs
 *(.eh_frame)
 .eh_frame      0x0000000008001678        0x0 f:/stm32setup/stm32cubeide_1.11.0/stm32cubeide/plugins/com.st.stm32cube.ide.mcu.externaltools.gnu-tools-for-stm32.10.3-2021.10.win32_1.0.100.202210260954/tools/bin/../lib/gcc/arm-none-eabi/10.3.1/thumb/v7e-m+fp/hard/crtbegin.o
 *(.init)
 .init          0x0000000008001678        0x4 f:/stm32setup/stm32cubeide_1.11.0/stm32cubeide/plugins/com.st.stm32cube.ide.mcu.externaltools.gnu-tools-for-stm32.10.3-2021.10.win32_1.0.100.202210260954/tools/bin/../lib/gcc/arm-none-eabi/10.3.1/thumb/v7e-m+fp/hard/crti.o
                0x0000000008001678                _init
 .init          0x000000000800167c        0x8 f:/stm32setup/stm32cubeide_1.11.0/stm32cubeide/plugins/com.st.stm32cube.ide.mcu.externaltools.gnu-tools-for-stm32.10.3-2021.10.win32_1.0.100.202210260954/tools/bin/../lib/gcc/arm-none-eabi/10.3.1/thumb/v7e-m+fp/hard/crtn.o
 *(.fini)
 .fini          0x0000000008001684        0x4 f:/stm32setup/stm32cubeide_1.11.0/stm32cubeide/plugins/com.st.stm32cube.ide.mcu.externaltools.gnu-tools-for-stm32.10.3-2021.10.win32_1.0.100.202210260954/tools/bin/../lib/gcc/arm-none-eabi/10.3.1/thumb/v7e-m+fp/hard/crti.o
                0x0000000008001684                _fini
 .fini          0x0000000008001688        0x8 f:/stm32setup/stm32cubeide_1.11.0/stm32cubeide/plugins/com.st.stm32cube.ide.mcu.externaltools.gnu-tools-for-stm32.10.3-2021.10.win32_1.0.100.202210260954/tools/bin/../lib/gcc/arm-none-eabi/10.3.1/thumb/v7e-m+fp/hard/crtn.o
                0x0000000008001690                . = ALIGN (0x4)
                0x0000000008001690                _etext = .

.vfp11_veneer   0x0000000008001690        0x0
 .vfp11_veneer  0x0000000008001690        0x0 linker stubs

.v4_bx          0x0000000008001690        0x0
 .v4_bx         0x0000000008001690        0x0 linker stubs

.iplt           0x0000000008001690        0x0
 .iplt          0x0000000008001690        0x0 f:/stm32setup/stm32cubeide_1.11.0/stm32cubeide/plugins/com.st.stm32cube.ide.mcu.externaltools.gnu-tools-for-stm32.10.3-2021.10.win32_1.0.100.202210260954/tools/bin/../lib/gcc/arm-none-eabi/10.3.1/thumb/v7e-m+fp/hard/crtbegin.o

.rodata         0x0000000008001690        0x4
                0x0000000008001690                . = ALIGN (0x4)
 *(.rodata)
 .rodata        0x0000000008001690        0x1 C:\Users\Admin\STM32CubeIDE\workspace_1.11.0\SDK_1.0.3_NUCLEO-F401RE\lib_stm\libLibraries.a(button.o)
 *(.rodata*)
                0x0000000008001694                . = ALIGN (0x4)
 *fill*         0x0000000008001691        0x3 

.rel.dyn        0x0000000008001694        0x0
 .rel.iplt      0x0000000008001694        0x0 f:/stm32setup/stm32cubeide_1.11.0/stm32cubeide/plugins/com.st.stm32cube.ide.mcu.externaltools.gnu-tools-for-stm32.10.3-2021.10.win32_1.0.100.202210260954/tools/bin/../lib/gcc/arm-none-eabi/10.3.1/thumb/v7e-m+fp/hard/crtbegin.o

.ARM.extab      0x0000000008001694        0x0
                0x0000000008001694                . = ALIGN (0x4)
 *(.ARM.extab* .gnu.linkonce.armextab.*)
                0x0000000008001694                . = ALIGN (0x4)

.ARM            0x0000000008001694        0x0
                0x0000000008001694                . = ALIGN (0x4)
                0x0000000008001694                __exidx_start = .
 *(.ARM.exidx*)
                0x0000000008001694                __exidx_end = .
                0x0000000008001694                . = ALIGN (0x4)

.preinit_array  0x0000000008001694        0x0
                0x0000000008001694                . = ALIGN (0x4)
                0x0000000008001694                PROVIDE (__preinit_array_start = .)
 *(.preinit_array*)
                0x0000000008001694                PROVIDE (__preinit_array_end = .)
                0x0000000008001694                . = ALIGN (0x4)

.init_array     0x0000000008001694        0x4
                0x0000000008001694                . = ALIGN (0x4)
                0x0000000008001694                PROVIDE (__init_array_start = .)
 *(SORT_BY_NAME(.init_array.*))
 *(.init_array*)
 .init_array    0x0000000008001694        0x4 f:/stm32setup/stm32cubeide_1.11.0/stm32cubeide/plugins/com.st.stm32cube.ide.mcu.externaltools.gnu-tools-for-stm32.10.3-2021.10.win32_1.0.100.202210260954/tools/bin/../lib/gcc/arm-none-eabi/10.3.1/thumb/v7e-m+fp/hard/crtbegin.o
                0x0000000008001698                PROVIDE (__init_array_end = .)
                0x0000000008001698                . = ALIGN (0x4)

.fini_array     0x0000000008001698        0x4
                0x0000000008001698                . = ALIGN (0x4)
                [!provide]                        PROVIDE (__fini_array_start = .)
 *(SORT_BY_NAME(.fini_array.*))
 *(.fini_array*)
 .fini_array    0x0000000008001698        0x4 f:/stm32setup/stm32cubeide_1.11.0/stm32cubeide/plugins/com.st.stm32cube.ide.mcu.externaltools.gnu-tools-for-stm32.10.3-2021.10.win32_1.0.100.202210260954/tools/bin/../lib/gcc/arm-none-eabi/10.3.1/thumb/v7e-m+fp/hard/crtbegin.o
                [!provide]                        PROVIDE (__fini_array_end = .)
                0x000000000800169c                . = ALIGN (0x4)
                0x000000000800169c                _sidata = LOADADDR (.data)

.data           0x0000000020000000       0x48 load address 0x000000000800169c
                0x0000000020000000                . = ALIGN (0x4)
                0x0000000020000000                _sdata = .
 *(.data)
 *(.data*)
 .data.SystemCoreClock
                0x0000000020000000        0x4 C:\Users\Admin\STM32CubeIDE\workspace_1.11.0\SDK_1.0.3_NUCLEO-F401RE\lib_stm\libLibraries.a(system_stm32f4xx.o)
                0x0000000020000000                SystemCoreClock
 .data.AHBPrescTable
                0x0000000020000004       0x10 C:\Users\Admin\STM32CubeIDE\workspace_1.11.0\SDK_1.0.3_NUCLEO-F401RE\lib_stm\libLibraries.a(system_stm32f4xx.o)
                0x0000000020000004                AHBPrescTable
 .data.pinBtnPad
                0x0000000020000014       0x30 C:\Users\Admin\STM32CubeIDE\workspace_1.11.0\SDK_1.0.3_NUCLEO-F401RE\lib_stm\libLibraries.a(button.o)
 .data.idTaskScanButton
                0x0000000020000044        0x1 C:\Users\Admin\STM32CubeIDE\workspace_1.11.0\SDK_1.0.3_NUCLEO-F401RE\lib_stm\libLibraries.a(button.o)
 *(.RamFunc)
 *(.RamFunc*)
                0x0000000020000048                . = ALIGN (0x4)
 *fill*         0x0000000020000045        0x3 
                0x0000000020000048                _edata = .

.igot.plt       0x0000000020000048        0x0 load address 0x00000000080016e4
 .igot.plt      0x0000000020000048        0x0 f:/stm32setup/stm32cubeide_1.11.0/stm32cubeide/plugins/com.st.stm32cube.ide.mcu.externaltools.gnu-tools-for-stm32.10.3-2021.10.win32_1.0.100.202210260954/tools/bin/../lib/gcc/arm-none-eabi/10.3.1/thumb/v7e-m+fp/hard/crtbegin.o
                0x0000000020000048                . = ALIGN (0x4)

.bss            0x0000000020000048      0x234 load address 0x00000000080016e4
                0x0000000020000048                _sbss = .
                0x0000000020000048                __bss_start__ = _sbss
 *(.bss)
 .bss           0x0000000020000048       0x1c f:/stm32setup/stm32cubeide_1.11.0/stm32cubeide/plugins/com.st.stm32cube.ide.mcu.externaltools.gnu-tools-for-stm32.10.3-2021.10.win32_1.0.100.202210260954/tools/bin/../lib/gcc/arm-none-eabi/10.3.1/thumb/v7e-m+fp/hard/crtbegin.o
 *(.bss*)
 .bss.kpad      0x0000000020000064       0x78 C:\Users\Admin\STM32CubeIDE\workspace_1.11.0\SDK_1.0.3_NUCLEO-F401RE\lib_stm\libLibraries.a(button.o)
 .bss.pEventCallbacks
                0x00000000200000dc       0x10 C:\Users\Admin\STM32CubeIDE\workspace_1.11.0\SDK_1.0.3_NUCLEO-F401RE\lib_stm\libLibraries.a(button.o)
 .bss.g_brightnessLed
                0x00000000200000ec        0x1 C:\Users\Admin\STM32CubeIDE\workspace_1.11.0\SDK_1.0.3_NUCLEO-F401RE\lib_stm\libLibraries.a(led.o)
 *fill*         0x00000000200000ed        0x3 
 .bss.g_pTimerHandle
                0x00000000200000f0      0x180 C:\Users\Admin\STM32CubeIDE\workspace_1.11.0\SDK_1.0.3_NUCLEO-F401RE\lib_stm\libLibraries.a(timer.o)
 .bss.g_wMilSecTickTimer
                0x0000000020000270        0x4 C:\Users\Admin\STM32CubeIDE\workspace_1.11.0\SDK_1.0.3_NUCLEO-F401RE\lib_stm\libLibraries.a(timer.o)
 .bss.g_pUartQueueRx
                0x0000000020000274        0x8 C:\Users\Admin\STM32CubeIDE\workspace_1.11.0\SDK_1.0.3_NUCLEO-F401RE\lib_stm\libLibraries.a(serial.o)
 *(COMMON)
                0x000000002000027c                . = ALIGN (0x4)
                0x000000002000027c                _ebss = .
                0x000000002000027c                __bss_end__ = _ebss

._user_heap_stack
                0x000000002000027c      0x604 load address 0x00000000080016e4
                0x0000000020000280                . = ALIGN (0x8)
 *fill*         0x000000002000027c        0x4 
                [!provide]                        PROVIDE (end = .)
                0x0000000020000280                PROVIDE (_end = .)
                0x0000000020000480                . = (. + _Min_Heap_Size)
 *fill*         0x0000000020000280      0x200 
                0x0000000020000880                . = (. + _Min_Stack_Size)
 *fill*         0x0000000020000480      0x400 
                0x0000000020000880                . = ALIGN (0x8)

/DISCARD/
 libc.a(*)
 libm.a(*)
 libgcc.a(*)

.ARM.attributes
                0x0000000000000000       0x30
 *(.ARM.attributes)
 .ARM.attributes
                0x0000000000000000       0x1e f:/stm32setup/stm32cubeide_1.11.0/stm32cubeide/plugins/com.st.stm32cube.ide.mcu.externaltools.gnu-tools-for-stm32.10.3-2021.10.win32_1.0.100.202210260954/tools/bin/../lib/gcc/arm-none-eabi/10.3.1/thumb/v7e-m+fp/hard/crti.o
 .ARM.attributes
                0x000000000000001e       0x34 f:/stm32setup/stm32cubeide_1.11.0/stm32cubeide/plugins/com.st.stm32cube.ide.mcu.externaltools.gnu-tools-for-stm32.10.3-2021.10.win32_1.0.100.202210260954/tools/bin/../lib/gcc/arm-none-eabi/10.3.1/thumb/v7e-m+fp/hard/crtbegin.o
 .ARM.attributes
                0x0000000000000052       0x34 ./Src/main.o
 .ARM.attributes
                0x0000000000000086       0x21 ./Startup/startup_stm32f401retx.o
 .ARM.attributes
                0x00000000000000a7       0x39 C:\Users\Admin\STM32CubeIDE\workspace_1.11.0\SDK_1.0.3_NUCLEO-F401RE\lib_stm\libLibraries.a(system_stm32f4xx.o)
 .ARM.attributes
                0x00000000000000e0       0x39 C:\Users\Admin\STM32CubeIDE\workspace_1.11.0\SDK_1.0.3_NUCLEO-F401RE\lib_stm\libLibraries.a(stm32f401re_gpio.o)
 .ARM.attributes
                0x0000000000000119       0x39 C:\Users\Admin\STM32CubeIDE\workspace_1.11.0\SDK_1.0.3_NUCLEO-F401RE\lib_stm\libLibraries.a(stm32f401re_rcc.o)
 .ARM.attributes
                0x0000000000000152       0x39 C:\Users\Admin\STM32CubeIDE\workspace_1.11.0\SDK_1.0.3_NUCLEO-F401RE\lib_stm\libLibraries.a(button.o)
 .ARM.attributes
                0x000000000000018b       0x39 C:\Users\Admin\STM32CubeIDE\workspace_1.11.0\SDK_1.0.3_NUCLEO-F401RE\lib_stm\libLibraries.a(led.o)
 .ARM.attributes
                0x00000000000001c4       0x39 C:\Users\Admin\STM32CubeIDE\workspace_1.11.0\SDK_1.0.3_NUCLEO-F401RE\lib_stm\libLibraries.a(timer.o)
 .ARM.attributes
                0x00000000000001fd       0x39 C:\Users\Admin\STM32CubeIDE\workspace_1.11.0\SDK_1.0.3_NUCLEO-F401RE\lib_stm\libLibraries.a(serial.o)
 .ARM.attributes
                0x0000000000000236       0x39 C:\Users\Admin\STM32CubeIDE\workspace_1.11.0\SDK_1.0.3_NUCLEO-F401RE\lib_stm\libLibraries.a(buff.o)
 .ARM.attributes
                0x000000000000026f       0x39 C:\Users\Admin\STM32CubeIDE\workspace_1.11.0\SDK_1.0.3_NUCLEO-F401RE\lib_stm\libLibraries.a(stm32f401re_tim.o)
 .ARM.attributes
                0x00000000000002a8       0x39 C:\Users\Admin\STM32CubeIDE\workspace_1.11.0\SDK_1.0.3_NUCLEO-F401RE\lib_stm\libLibraries.a(stm32f401re_usart.o)
 .ARM.attributes
                0x00000000000002e1       0x34 f:/stm32setup/stm32cubeide_1.11.0/stm32cubeide/plugins/com.st.stm32cube.ide.mcu.externaltools.gnu-tools-for-stm32.10.3-2021.10.win32_1.0.100.202210260954/tools/bin/../lib/gcc/arm-none-eabi/10.3.1/../../../../arm-none-eabi/lib/thumb/v7e-m+fp/hard\libc_nano.a(lib_a-init.o)
 .ARM.attributes
                0x0000000000000315       0x1e f:/stm32setup/stm32cubeide_1.11.0/stm32cubeide/plugins/com.st.stm32cube.ide.mcu.externaltools.gnu-tools-for-stm32.10.3-2021.10.win32_1.0.100.202210260954/tools/bin/../lib/gcc/arm-none-eabi/10.3.1/thumb/v7e-m+fp/hard/crtn.o
OUTPUT(lab2.elf elf32-littlearm)
LOAD linker stubs
LOAD f:/stm32setup/stm32cubeide_1.11.0/stm32cubeide/plugins/com.st.stm32cube.ide.mcu.externaltools.gnu-tools-for-stm32.10.3-2021.10.win32_1.0.100.202210260954/tools/bin/../lib/gcc/arm-none-eabi/10.3.1/../../../../arm-none-eabi/lib/thumb/v7e-m+fp/hard\libc.a
LOAD f:/stm32setup/stm32cubeide_1.11.0/stm32cubeide/plugins/com.st.stm32cube.ide.mcu.externaltools.gnu-tools-for-stm32.10.3-2021.10.win32_1.0.100.202210260954/tools/bin/../lib/gcc/arm-none-eabi/10.3.1/../../../../arm-none-eabi/lib/thumb/v7e-m+fp/hard\libm.a
LOAD f:/stm32setup/stm32cubeide_1.11.0/stm32cubeide/plugins/com.st.stm32cube.ide.mcu.externaltools.gnu-tools-for-stm32.10.3-2021.10.win32_1.0.100.202210260954/tools/bin/../lib/gcc/arm-none-eabi/10.3.1/thumb/v7e-m+fp/hard\libgcc.a

.debug_info     0x0000000000000000     0x6940
 .debug_info    0x0000000000000000      0x275 ./Src/main.o
 .debug_info    0x0000000000000275       0x22 ./Startup/startup_stm32f401retx.o
 .debug_info    0x0000000000000297      0x5bb C:\Users\Admin\STM32CubeIDE\workspace_1.11.0\SDK_1.0.3_NUCLEO-F401RE\lib_stm\libLibraries.a(system_stm32f4xx.o)
 .debug_info    0x0000000000000852      0x62b C:\Users\Admin\STM32CubeIDE\workspace_1.11.0\SDK_1.0.3_NUCLEO-F401RE\lib_stm\libLibraries.a(stm32f401re_gpio.o)
 .debug_info    0x0000000000000e7d      0xd5e C:\Users\Admin\STM32CubeIDE\workspace_1.11.0\SDK_1.0.3_NUCLEO-F401RE\lib_stm\libLibraries.a(stm32f401re_rcc.o)
 .debug_info    0x0000000000001bdb      0x5fe C:\Users\Admin\STM32CubeIDE\workspace_1.11.0\SDK_1.0.3_NUCLEO-F401RE\lib_stm\libLibraries.a(button.o)
 .debug_info    0x00000000000021d9      0x9b4 C:\Users\Admin\STM32CubeIDE\workspace_1.11.0\SDK_1.0.3_NUCLEO-F401RE\lib_stm\libLibraries.a(led.o)
 .debug_info    0x0000000000002b8d      0x922 C:\Users\Admin\STM32CubeIDE\workspace_1.11.0\SDK_1.0.3_NUCLEO-F401RE\lib_stm\libLibraries.a(timer.o)
 .debug_info    0x00000000000034af      0xb11 C:\Users\Admin\STM32CubeIDE\workspace_1.11.0\SDK_1.0.3_NUCLEO-F401RE\lib_stm\libLibraries.a(serial.o)
 .debug_info    0x0000000000003fc0      0x339 C:\Users\Admin\STM32CubeIDE\workspace_1.11.0\SDK_1.0.3_NUCLEO-F401RE\lib_stm\libLibraries.a(buff.o)
 .debug_info    0x00000000000042f9     0x1c73 C:\Users\Admin\STM32CubeIDE\workspace_1.11.0\SDK_1.0.3_NUCLEO-F401RE\lib_stm\libLibraries.a(stm32f401re_tim.o)
 .debug_info    0x0000000000005f6c      0x9d4 C:\Users\Admin\STM32CubeIDE\workspace_1.11.0\SDK_1.0.3_NUCLEO-F401RE\lib_stm\libLibraries.a(stm32f401re_usart.o)

.debug_abbrev   0x0000000000000000     0x13e3
 .debug_abbrev  0x0000000000000000      0x136 ./Src/main.o
 .debug_abbrev  0x0000000000000136       0x12 ./Startup/startup_stm32f401retx.o
 .debug_abbrev  0x0000000000000148      0x138 C:\Users\Admin\STM32CubeIDE\workspace_1.11.0\SDK_1.0.3_NUCLEO-F401RE\lib_stm\libLibraries.a(system_stm32f4xx.o)
 .debug_abbrev  0x0000000000000280      0x1bf C:\Users\Admin\STM32CubeIDE\workspace_1.11.0\SDK_1.0.3_NUCLEO-F401RE\lib_stm\libLibraries.a(stm32f401re_gpio.o)
 .debug_abbrev  0x000000000000043f      0x1d4 C:\Users\Admin\STM32CubeIDE\workspace_1.11.0\SDK_1.0.3_NUCLEO-F401RE\lib_stm\libLibraries.a(stm32f401re_rcc.o)
 .debug_abbrev  0x0000000000000613      0x220 C:\Users\Admin\STM32CubeIDE\workspace_1.11.0\SDK_1.0.3_NUCLEO-F401RE\lib_stm\libLibraries.a(button.o)
 .debug_abbrev  0x0000000000000833      0x20c C:\Users\Admin\STM32CubeIDE\workspace_1.11.0\SDK_1.0.3_NUCLEO-F401RE\lib_stm\libLibraries.a(led.o)
 .debug_abbrev  0x0000000000000a3f      0x29a C:\Users\Admin\STM32CubeIDE\workspace_1.11.0\SDK_1.0.3_NUCLEO-F401RE\lib_stm\libLibraries.a(timer.o)
 .debug_abbrev  0x0000000000000cd9      0x2ba C:\Users\Admin\STM32CubeIDE\workspace_1.11.0\SDK_1.0.3_NUCLEO-F401RE\lib_stm\libLibraries.a(serial.o)
 .debug_abbrev  0x0000000000000f93      0x12a C:\Users\Admin\STM32CubeIDE\workspace_1.11.0\SDK_1.0.3_NUCLEO-F401RE\lib_stm\libLibraries.a(buff.o)
 .debug_abbrev  0x00000000000010bd      0x19f C:\Users\Admin\STM32CubeIDE\workspace_1.11.0\SDK_1.0.3_NUCLEO-F401RE\lib_stm\libLibraries.a(stm32f401re_tim.o)
 .debug_abbrev  0x000000000000125c      0x187 C:\Users\Admin\STM32CubeIDE\workspace_1.11.0\SDK_1.0.3_NUCLEO-F401RE\lib_stm\libLibraries.a(stm32f401re_usart.o)

.debug_aranges  0x0000000000000000      0x8a8
 .debug_aranges
                0x0000000000000000       0x28 ./Src/main.o
 .debug_aranges
                0x0000000000000028       0x28 ./Startup/startup_stm32f401retx.o
 .debug_aranges
                0x0000000000000050       0x30 C:\Users\Admin\STM32CubeIDE\workspace_1.11.0\SDK_1.0.3_NUCLEO-F401RE\lib_stm\libLibraries.a(system_stm32f4xx.o)
 .debug_aranges
                0x0000000000000080       0x88 C:\Users\Admin\STM32CubeIDE\workspace_1.11.0\SDK_1.0.3_NUCLEO-F401RE\lib_stm\libLibraries.a(stm32f401re_gpio.o)
 .debug_aranges
                0x0000000000000108      0x198 C:\Users\Admin\STM32CubeIDE\workspace_1.11.0\SDK_1.0.3_NUCLEO-F401RE\lib_stm\libLibraries.a(stm32f401re_rcc.o)
 .debug_aranges
                0x00000000000002a0       0x58 C:\Users\Admin\STM32CubeIDE\workspace_1.11.0\SDK_1.0.3_NUCLEO-F401RE\lib_stm\libLibraries.a(button.o)
 .debug_aranges
                0x00000000000002f8       0x78 C:\Users\Admin\STM32CubeIDE\workspace_1.11.0\SDK_1.0.3_NUCLEO-F401RE\lib_stm\libLibraries.a(led.o)
 .debug_aranges
                0x0000000000000370       0x70 C:\Users\Admin\STM32CubeIDE\workspace_1.11.0\SDK_1.0.3_NUCLEO-F401RE\lib_stm\libLibraries.a(timer.o)
 .debug_aranges
                0x00000000000003e0       0x80 C:\Users\Admin\STM32CubeIDE\workspace_1.11.0\SDK_1.0.3_NUCLEO-F401RE\lib_stm\libLibraries.a(serial.o)
 .debug_aranges
                0x0000000000000460       0x50 C:\Users\Admin\STM32CubeIDE\workspace_1.11.0\SDK_1.0.3_NUCLEO-F401RE\lib_stm\libLibraries.a(buff.o)
 .debug_aranges
                0x00000000000004b0      0x2f8 C:\Users\Admin\STM32CubeIDE\workspace_1.11.0\SDK_1.0.3_NUCLEO-F401RE\lib_stm\libLibraries.a(stm32f401re_tim.o)
 .debug_aranges
                0x00000000000007a8      0x100 C:\Users\Admin\STM32CubeIDE\workspace_1.11.0\SDK_1.0.3_NUCLEO-F401RE\lib_stm\libLibraries.a(stm32f401re_usart.o)

.debug_ranges   0x0000000000000000      0x7f0
 .debug_ranges  0x0000000000000000       0x18 ./Src/main.o
 .debug_ranges  0x0000000000000018       0x20 ./Startup/startup_stm32f401retx.o
 .debug_ranges  0x0000000000000038       0x20 C:\Users\Admin\STM32CubeIDE\workspace_1.11.0\SDK_1.0.3_NUCLEO-F401RE\lib_stm\libLibraries.a(system_stm32f4xx.o)
 .debug_ranges  0x0000000000000058       0x78 C:\Users\Admin\STM32CubeIDE\workspace_1.11.0\SDK_1.0.3_NUCLEO-F401RE\lib_stm\libLibraries.a(stm32f401re_gpio.o)
 .debug_ranges  0x00000000000000d0      0x188 C:\Users\Admin\STM32CubeIDE\workspace_1.11.0\SDK_1.0.3_NUCLEO-F401RE\lib_stm\libLibraries.a(stm32f401re_rcc.o)
 .debug_ranges  0x0000000000000258       0x48 C:\Users\Admin\STM32CubeIDE\workspace_1.11.0\SDK_1.0.3_NUCLEO-F401RE\lib_stm\libLibraries.a(button.o)
 .debug_ranges  0x00000000000002a0       0x68 C:\Users\Admin\STM32CubeIDE\workspace_1.11.0\SDK_1.0.3_NUCLEO-F401RE\lib_stm\libLibraries.a(led.o)
 .debug_ranges  0x0000000000000308       0x60 C:\Users\Admin\STM32CubeIDE\workspace_1.11.0\SDK_1.0.3_NUCLEO-F401RE\lib_stm\libLibraries.a(timer.o)
 .debug_ranges  0x0000000000000368       0x70 C:\Users\Admin\STM32CubeIDE\workspace_1.11.0\SDK_1.0.3_NUCLEO-F401RE\lib_stm\libLibraries.a(serial.o)
 .debug_ranges  0x00000000000003d8       0x40 C:\Users\Admin\STM32CubeIDE\workspace_1.11.0\SDK_1.0.3_NUCLEO-F401RE\lib_stm\libLibraries.a(buff.o)
 .debug_ranges  0x0000000000000418      0x2e8 C:\Users\Admin\STM32CubeIDE\workspace_1.11.0\SDK_1.0.3_NUCLEO-F401RE\lib_stm\libLibraries.a(stm32f401re_tim.o)
 .debug_ranges  0x0000000000000700       0xf0 C:\Users\Admin\STM32CubeIDE\workspace_1.11.0\SDK_1.0.3_NUCLEO-F401RE\lib_stm\libLibraries.a(stm32f401re_usart.o)

.debug_macro    0x0000000000000000     0xece5
 .debug_macro   0x0000000000000000      0x22f ./Src/main.o
 .debug_macro   0x000000000000022f      0xa84 ./Src/main.o
 .debug_macro   0x0000000000000cb3       0x22 ./Src/main.o
 .debug_macro   0x0000000000000cd5       0x8e ./Src/main.o
 .debug_macro   0x0000000000000d63       0x51 ./Src/main.o
 .debug_macro   0x0000000000000db4      0x103 ./Src/main.o
 .debug_macro   0x0000000000000eb7       0x6a ./Src/main.o
 .debug_macro   0x0000000000000f21      0x1df ./Src/main.o
 .debug_macro   0x0000000000001100       0x52 ./Src/main.o
 .debug_macro   0x0000000000001152       0x1e ./Src/main.o
 .debug_macro   0x0000000000001170       0x3c ./Src/main.o
 .debug_macro   0x00000000000011ac       0x34 ./Src/main.o
 .debug_macro   0x00000000000011e0       0x16 ./Src/main.o
 .debug_macro   0x00000000000011f6       0x97 ./Src/main.o
 .debug_macro   0x000000000000128d      0x341 ./Src/main.o
 .debug_macro   0x00000000000015ce       0xfd ./Src/main.o
 .debug_macro   0x00000000000016cb       0x10 ./Src/main.o
 .debug_macro   0x00000000000016db       0x16 ./Src/main.o
 .debug_macro   0x00000000000016f1       0x43 ./Src/main.o
 .debug_macro   0x0000000000001734       0x34 ./Src/main.o
 .debug_macro   0x0000000000001768       0x10 ./Src/main.o
 .debug_macro   0x0000000000001778       0x58 ./Src/main.o
 .debug_macro   0x00000000000017d0       0x71 ./Src/main.o
 .debug_macro   0x0000000000001841       0x1c ./Src/main.o
 .debug_macro   0x000000000000185d      0x12a ./Src/main.o
 .debug_macro   0x0000000000001987       0x10 ./Src/main.o
 .debug_macro   0x0000000000001997       0x1c ./Src/main.o
 .debug_macro   0x00000000000019b3       0x52 ./Src/main.o
 .debug_macro   0x0000000000001a05       0x22 ./Src/main.o
 .debug_macro   0x0000000000001a27       0x10 ./Src/main.o
 .debug_macro   0x0000000000001a37       0x52 ./Src/main.o
 .debug_macro   0x0000000000001a89       0xd5 ./Src/main.o
 .debug_macro   0x0000000000001b5e       0x1c ./Src/main.o
 .debug_macro   0x0000000000001b7a       0x3d ./Src/main.o
 .debug_macro   0x0000000000001bb7       0x16 ./Src/main.o
 .debug_macro   0x0000000000001bcd      0x145 ./Src/main.o
 .debug_macro   0x0000000000001d12       0x6b ./Src/main.o
 .debug_macro   0x0000000000001d7d       0x3b ./Src/main.o
 .debug_macro   0x0000000000001db8       0x34 ./Src/main.o
 .debug_macro   0x0000000000001dec       0x26 ./Src/main.o
 .debug_macro   0x0000000000001e12      0xe43 ./Src/main.o
 .debug_macro   0x0000000000002c55     0x8018 ./Src/main.o
 .debug_macro   0x000000000000ac6d      0x2ee ./Src/main.o
 .debug_macro   0x000000000000af5b       0x88 ./Src/main.o
 .debug_macro   0x000000000000afe3       0xc4 ./Src/main.o
 .debug_macro   0x000000000000b0a7       0xce C:\Users\Admin\STM32CubeIDE\workspace_1.11.0\SDK_1.0.3_NUCLEO-F401RE\lib_stm\libLibraries.a(system_stm32f4xx.o)
 .debug_macro   0x000000000000b175      0xa66 C:\Users\Admin\STM32CubeIDE\workspace_1.11.0\SDK_1.0.3_NUCLEO-F401RE\lib_stm\libLibraries.a(system_stm32f4xx.o)
 .debug_macro   0x000000000000bbdb       0x22 C:\Users\Admin\STM32CubeIDE\workspace_1.11.0\SDK_1.0.3_NUCLEO-F401RE\lib_stm\libLibraries.a(system_stm32f4xx.o)
 .debug_macro   0x000000000000bbfd       0xef C:\Users\Admin\STM32CubeIDE\workspace_1.11.0\SDK_1.0.3_NUCLEO-F401RE\lib_stm\libLibraries.a(system_stm32f4xx.o)
 .debug_macro   0x000000000000bcec       0xc3 C:\Users\Admin\STM32CubeIDE\workspace_1.11.0\SDK_1.0.3_NUCLEO-F401RE\lib_stm\libLibraries.a(stm32f401re_gpio.o)
 .debug_macro   0x000000000000bdaf      0x64a C:\Users\Admin\STM32CubeIDE\workspace_1.11.0\SDK_1.0.3_NUCLEO-F401RE\lib_stm\libLibraries.a(stm32f401re_gpio.o)
 .debug_macro   0x000000000000c3f9      0x18d C:\Users\Admin\STM32CubeIDE\workspace_1.11.0\SDK_1.0.3_NUCLEO-F401RE\lib_stm\libLibraries.a(stm32f401re_rcc.o)
 .debug_macro   0x000000000000c586      0x644 C:\Users\Admin\STM32CubeIDE\workspace_1.11.0\SDK_1.0.3_NUCLEO-F401RE\lib_stm\libLibraries.a(stm32f401re_rcc.o)
 .debug_macro   0x000000000000cbca       0xf5 C:\Users\Admin\STM32CubeIDE\workspace_1.11.0\SDK_1.0.3_NUCLEO-F401RE\lib_stm\libLibraries.a(button.o)
 .debug_macro   0x000000000000ccbf       0xbe C:\Users\Admin\STM32CubeIDE\workspace_1.11.0\SDK_1.0.3_NUCLEO-F401RE\lib_stm\libLibraries.a(button.o)
 .debug_macro   0x000000000000cd7d       0x22 C:\Users\Admin\STM32CubeIDE\workspace_1.11.0\SDK_1.0.3_NUCLEO-F401RE\lib_stm\libLibraries.a(button.o)
 .debug_macro   0x000000000000cd9f      0x2f4 C:\Users\Admin\STM32CubeIDE\workspace_1.11.0\SDK_1.0.3_NUCLEO-F401RE\lib_stm\libLibraries.a(button.o)
 .debug_macro   0x000000000000d093       0x16 C:\Users\Admin\STM32CubeIDE\workspace_1.11.0\SDK_1.0.3_NUCLEO-F401RE\lib_stm\libLibraries.a(button.o)
 .debug_macro   0x000000000000d0a9       0xec C:\Users\Admin\STM32CubeIDE\workspace_1.11.0\SDK_1.0.3_NUCLEO-F401RE\lib_stm\libLibraries.a(led.o)
 .debug_macro   0x000000000000d195       0x82 C:\Users\Admin\STM32CubeIDE\workspace_1.11.0\SDK_1.0.3_NUCLEO-F401RE\lib_stm\libLibraries.a(led.o)
 .debug_macro   0x000000000000d217      0x170 C:\Users\Admin\STM32CubeIDE\workspace_1.11.0\SDK_1.0.3_NUCLEO-F401RE\lib_stm\libLibraries.a(led.o)
 .debug_macro   0x000000000000d387      0x741 C:\Users\Admin\STM32CubeIDE\workspace_1.11.0\SDK_1.0.3_NUCLEO-F401RE\lib_stm\libLibraries.a(led.o)
 .debug_macro   0x000000000000dac8       0xe3 C:\Users\Admin\STM32CubeIDE\workspace_1.11.0\SDK_1.0.3_NUCLEO-F401RE\lib_stm\libLibraries.a(timer.o)
 .debug_macro   0x000000000000dbab       0x1c C:\Users\Admin\STM32CubeIDE\workspace_1.11.0\SDK_1.0.3_NUCLEO-F401RE\lib_stm\libLibraries.a(timer.o)
 .debug_macro   0x000000000000dbc7      0x10a C:\Users\Admin\STM32CubeIDE\workspace_1.11.0\SDK_1.0.3_NUCLEO-F401RE\lib_stm\libLibraries.a(serial.o)
 .debug_macro   0x000000000000dcd1      0x16a C:\Users\Admin\STM32CubeIDE\workspace_1.11.0\SDK_1.0.3_NUCLEO-F401RE\lib_stm\libLibraries.a(serial.o)
 .debug_macro   0x000000000000de3b       0x1c C:\Users\Admin\STM32CubeIDE\workspace_1.11.0\SDK_1.0.3_NUCLEO-F401RE\lib_stm\libLibraries.a(serial.o)
 .debug_macro   0x000000000000de57       0x7c C:\Users\Admin\STM32CubeIDE\workspace_1.11.0\SDK_1.0.3_NUCLEO-F401RE\lib_stm\libLibraries.a(serial.o)
 .debug_macro   0x000000000000ded3      0x223 C:\Users\Admin\STM32CubeIDE\workspace_1.11.0\SDK_1.0.3_NUCLEO-F401RE\lib_stm\libLibraries.a(serial.o)
 .debug_macro   0x000000000000e0f6       0xc2 C:\Users\Admin\STM32CubeIDE\workspace_1.11.0\SDK_1.0.3_NUCLEO-F401RE\lib_stm\libLibraries.a(buff.o)
 .debug_macro   0x000000000000e1b8       0x16 C:\Users\Admin\STM32CubeIDE\workspace_1.11.0\SDK_1.0.3_NUCLEO-F401RE\lib_stm\libLibraries.a(buff.o)
 .debug_macro   0x000000000000e1ce       0xe4 C:\Users\Admin\STM32CubeIDE\workspace_1.11.0\SDK_1.0.3_NUCLEO-F401RE\lib_stm\libLibraries.a(stm32f401re_tim.o)
 .debug_macro   0x000000000000e2b2      0x73b C:\Users\Admin\STM32CubeIDE\workspace_1.11.0\SDK_1.0.3_NUCLEO-F401RE\lib_stm\libLibraries.a(stm32f401re_tim.o)
 .debug_macro   0x000000000000e9ed       0xdb C:\Users\Admin\STM32CubeIDE\workspace_1.11.0\SDK_1.0.3_NUCLEO-F401RE\lib_stm\libLibraries.a(stm32f401re_usart.o)
 .debug_macro   0x000000000000eac8      0x21d C:\Users\Admin\STM32CubeIDE\workspace_1.11.0\SDK_1.0.3_NUCLEO-F401RE\lib_stm\libLibraries.a(stm32f401re_usart.o)

.debug_line     0x0000000000000000     0x5187
 .debug_line    0x0000000000000000      0x7d4 ./Src/main.o
 .debug_line    0x00000000000007d4       0x84 ./Startup/startup_stm32f401retx.o
 .debug_line    0x0000000000000858      0x4a0 C:\Users\Admin\STM32CubeIDE\workspace_1.11.0\SDK_1.0.3_NUCLEO-F401RE\lib_stm\libLibraries.a(system_stm32f4xx.o)
 .debug_line    0x0000000000000cf8      0x65e C:\Users\Admin\STM32CubeIDE\workspace_1.11.0\SDK_1.0.3_NUCLEO-F401RE\lib_stm\libLibraries.a(stm32f401re_gpio.o)
 .debug_line    0x0000000000001356      0x8d2 C:\Users\Admin\STM32CubeIDE\workspace_1.11.0\SDK_1.0.3_NUCLEO-F401RE\lib_stm\libLibraries.a(stm32f401re_rcc.o)
 .debug_line    0x0000000000001c28      0x6b8 C:\Users\Admin\STM32CubeIDE\workspace_1.11.0\SDK_1.0.3_NUCLEO-F401RE\lib_stm\libLibraries.a(button.o)
 .debug_line    0x00000000000022e0      0x6f2 C:\Users\Admin\STM32CubeIDE\workspace_1.11.0\SDK_1.0.3_NUCLEO-F401RE\lib_stm\libLibraries.a(led.o)
 .debug_line    0x00000000000029d2      0x684 C:\Users\Admin\STM32CubeIDE\workspace_1.11.0\SDK_1.0.3_NUCLEO-F401RE\lib_stm\libLibraries.a(timer.o)
 .debug_line    0x0000000000003056      0x72b C:\Users\Admin\STM32CubeIDE\workspace_1.11.0\SDK_1.0.3_NUCLEO-F401RE\lib_stm\libLibraries.a(serial.o)
 .debug_line    0x0000000000003781      0x532 C:\Users\Admin\STM32CubeIDE\workspace_1.11.0\SDK_1.0.3_NUCLEO-F401RE\lib_stm\libLibraries.a(buff.o)
 .debug_line    0x0000000000003cb3      0xd2f C:\Users\Admin\STM32CubeIDE\workspace_1.11.0\SDK_1.0.3_NUCLEO-F401RE\lib_stm\libLibraries.a(stm32f401re_tim.o)
 .debug_line    0x00000000000049e2      0x7a5 C:\Users\Admin\STM32CubeIDE\workspace_1.11.0\SDK_1.0.3_NUCLEO-F401RE\lib_stm\libLibraries.a(stm32f401re_usart.o)

.debug_str      0x0000000000000000    0x48414
 .debug_str     0x0000000000000000    0x3b21c ./Src/main.o
                                      0x3b418 (size before relaxing)
 .debug_str     0x000000000003b21c       0x31 ./Startup/startup_stm32f401retx.o
                                         0x69 (size before relaxing)
 .debug_str     0x000000000003b24d      0x6da C:\Users\Admin\STM32CubeIDE\workspace_1.11.0\SDK_1.0.3_NUCLEO-F401RE\lib_stm\libLibraries.a(system_stm32f4xx.o)
                                      0x3583e (size before relaxing)
 .debug_str     0x000000000003b927     0x39b3 C:\Users\Admin\STM32CubeIDE\workspace_1.11.0\SDK_1.0.3_NUCLEO-F401RE\lib_stm\libLibraries.a(stm32f401re_gpio.o)
                                      0x3a690 (size before relaxing)
 .debug_str     0x000000000003f2da      0xbc3 C:\Users\Admin\STM32CubeIDE\workspace_1.11.0\SDK_1.0.3_NUCLEO-F401RE\lib_stm\libLibraries.a(stm32f401re_rcc.o)
                                      0x39aa1 (size before relaxing)
 .debug_str     0x000000000003fe9d      0x2da C:\Users\Admin\STM32CubeIDE\workspace_1.11.0\SDK_1.0.3_NUCLEO-F401RE\lib_stm\libLibraries.a(button.o)
                                      0x3abc5 (size before relaxing)
 .debug_str     0x0000000000040177     0x4ece C:\Users\Admin\STM32CubeIDE\workspace_1.11.0\SDK_1.0.3_NUCLEO-F401RE\lib_stm\libLibraries.a(led.o)
                                      0x3f796 (size before relaxing)
 .debug_str     0x0000000000045045      0x5be C:\Users\Admin\STM32CubeIDE\workspace_1.11.0\SDK_1.0.3_NUCLEO-F401RE\lib_stm\libLibraries.a(timer.o)
                                      0x39451 (size before relaxing)
 .debug_str     0x0000000000045603     0x1dfa C:\Users\Admin\STM32CubeIDE\workspace_1.11.0\SDK_1.0.3_NUCLEO-F401RE\lib_stm\libLibraries.a(serial.o)
                                      0x3cca1 (size before relaxing)
 .debug_str     0x00000000000473fd       0x93 C:\Users\Admin\STM32CubeIDE\workspace_1.11.0\SDK_1.0.3_NUCLEO-F401RE\lib_stm\libLibraries.a(buff.o)
                                      0x35751 (size before relaxing)
 .debug_str     0x0000000000047490      0xaba C:\Users\Admin\STM32CubeIDE\workspace_1.11.0\SDK_1.0.3_NUCLEO-F401RE\lib_stm\libLibraries.a(stm32f401re_tim.o)
                                      0x3a911 (size before relaxing)
 .debug_str     0x0000000000047f4a      0x4ca C:\Users\Admin\STM32CubeIDE\workspace_1.11.0\SDK_1.0.3_NUCLEO-F401RE\lib_stm\libLibraries.a(stm32f401re_usart.o)
                                      0x3a79e (size before relaxing)

.comment        0x0000000000000000       0xcb
 .comment       0x0000000000000000       0x50 ./Src/main.o
                                         0x51 (size before relaxing)
 .comment       0x0000000000000050       0x7b C:\Users\Admin\STM32CubeIDE\workspace_1.11.0\SDK_1.0.3_NUCLEO-F401RE\lib_stm\libLibraries.a(system_stm32f4xx.o)
                                         0x7c (size before relaxing)
 .comment       0x00000000000000cb       0x7c C:\Users\Admin\STM32CubeIDE\workspace_1.11.0\SDK_1.0.3_NUCLEO-F401RE\lib_stm\libLibraries.a(stm32f401re_gpio.o)
 .comment       0x00000000000000cb       0x7c C:\Users\Admin\STM32CubeIDE\workspace_1.11.0\SDK_1.0.3_NUCLEO-F401RE\lib_stm\libLibraries.a(stm32f401re_rcc.o)
 .comment       0x00000000000000cb       0x7c C:\Users\Admin\STM32CubeIDE\workspace_1.11.0\SDK_1.0.3_NUCLEO-F401RE\lib_stm\libLibraries.a(button.o)
 .comment       0x00000000000000cb       0x7c C:\Users\Admin\STM32CubeIDE\workspace_1.11.0\SDK_1.0.3_NUCLEO-F401RE\lib_stm\libLibraries.a(led.o)
 .comment       0x00000000000000cb       0x7c C:\Users\Admin\STM32CubeIDE\workspace_1.11.0\SDK_1.0.3_NUCLEO-F401RE\lib_stm\libLibraries.a(timer.o)
 .comment       0x00000000000000cb       0x7c C:\Users\Admin\STM32CubeIDE\workspace_1.11.0\SDK_1.0.3_NUCLEO-F401RE\lib_stm\libLibraries.a(serial.o)
 .comment       0x00000000000000cb       0x7c C:\Users\Admin\STM32CubeIDE\workspace_1.11.0\SDK_1.0.3_NUCLEO-F401RE\lib_stm\libLibraries.a(buff.o)
 .comment       0x00000000000000cb       0x7c C:\Users\Admin\STM32CubeIDE\workspace_1.11.0\SDK_1.0.3_NUCLEO-F401RE\lib_stm\libLibraries.a(stm32f401re_tim.o)
 .comment       0x00000000000000cb       0x7c C:\Users\Admin\STM32CubeIDE\workspace_1.11.0\SDK_1.0.3_NUCLEO-F401RE\lib_stm\libLibraries.a(stm32f401re_usart.o)

.debug_frame    0x0000000000000000     0x2518
 .debug_frame   0x0000000000000000       0x48 ./Src/main.o
 .debug_frame   0x0000000000000048       0x74 C:\Users\Admin\STM32CubeIDE\workspace_1.11.0\SDK_1.0.3_NUCLEO-F401RE\lib_stm\libLibraries.a(system_stm32f4xx.o)
 .debug_frame   0x00000000000000bc      0x23c C:\Users\Admin\STM32CubeIDE\workspace_1.11.0\SDK_1.0.3_NUCLEO-F401RE\lib_stm\libLibraries.a(stm32f401re_gpio.o)
 .debug_frame   0x00000000000002f8      0x774 C:\Users\Admin\STM32CubeIDE\workspace_1.11.0\SDK_1.0.3_NUCLEO-F401RE\lib_stm\libLibraries.a(stm32f401re_rcc.o)
 .debug_frame   0x0000000000000a6c      0x140 C:\Users\Admin\STM32CubeIDE\workspace_1.11.0\SDK_1.0.3_NUCLEO-F401RE\lib_stm\libLibraries.a(button.o)
 .debug_frame   0x0000000000000bac      0x1b8 C:\Users\Admin\STM32CubeIDE\workspace_1.11.0\SDK_1.0.3_NUCLEO-F401RE\lib_stm\libLibraries.a(led.o)
 .debug_frame   0x0000000000000d64      0x1a8 C:\Users\Admin\STM32CubeIDE\workspace_1.11.0\SDK_1.0.3_NUCLEO-F401RE\lib_stm\libLibraries.a(timer.o)
 .debug_frame   0x0000000000000f0c      0x1e0 C:\Users\Admin\STM32CubeIDE\workspace_1.11.0\SDK_1.0.3_NUCLEO-F401RE\lib_stm\libLibraries.a(serial.o)
 .debug_frame   0x00000000000010ec      0x118 C:\Users\Admin\STM32CubeIDE\workspace_1.11.0\SDK_1.0.3_NUCLEO-F401RE\lib_stm\libLibraries.a(buff.o)
 .debug_frame   0x0000000000001204      0xe58 C:\Users\Admin\STM32CubeIDE\workspace_1.11.0\SDK_1.0.3_NUCLEO-F401RE\lib_stm\libLibraries.a(stm32f401re_tim.o)
 .debug_frame   0x000000000000205c      0x490 C:\Users\Admin\STM32CubeIDE\workspace_1.11.0\SDK_1.0.3_NUCLEO-F401RE\lib_stm\libLibraries.a(stm32f401re_usart.o)
 .debug_frame   0x00000000000024ec       0x2c f:/stm32setup/stm32cubeide_1.11.0/stm32cubeide/plugins/com.st.stm32cube.ide.mcu.externaltools.gnu-tools-for-stm32.10.3-2021.10.win32_1.0.100.202210260954/tools/bin/../lib/gcc/arm-none-eabi/10.3.1/../../../../arm-none-eabi/lib/thumb/v7e-m+fp/hard\libc_nano.a(lib_a-init.o)
